Component: ARM Compiler 5.06 update 6 (build 750) Tool: armlink [4d35ed]

==============================================================================

Section Cross References

    lab11.o(i.EXTI1_IRQHandler) refers to lab11.o(i.smallDelay) for smallDelay
    lab11.o(i.EXTI1_IRQHandler) refers to lab11.o(i.__NVIC_ClearPendingIRQ) for __NVIC_ClearPendingIRQ
    lab11.o(i.EXTI1_IRQHandler) refers to lab11.o(.data) for keypad
    lab11.o(i.EXTI1_IRQHandler) refers to lab11.o(.constdata) for COLUMN_MASK
    lab11.o(i.PID) refers to daddsub_clz.o(x$fpl$dsub) for __aeabi_dsub
    lab11.o(i.PID) refers to dmul.o(x$fpl$dmul) for __aeabi_dmul
    lab11.o(i.PID) refers to ddiv.o(x$fpl$ddiv) for __aeabi_ddiv
    lab11.o(i.PID) refers to daddsub_clz.o(x$fpl$dadd) for __aeabi_dadd
    lab11.o(i.PID) refers to dflt_clz.o(x$fpl$dflt) for __aeabi_i2d
    lab11.o(i.PID) refers to dfix.o(x$fpl$dfix) for __aeabi_d2iz
    lab11.o(i.PID) refers to lab11.o(.data) for expectedAdc
    lab11.o(i.TIM11_IRQHandler) refers to dflt_clz.o(x$fpl$dfltu) for __aeabi_ui2d
    lab11.o(i.TIM11_IRQHandler) refers to ddiv.o(x$fpl$ddiv) for __aeabi_ddiv
    lab11.o(i.TIM11_IRQHandler) refers to lab11.o(i.__NVIC_ClearPendingIRQ) for __NVIC_ClearPendingIRQ
    lab11.o(i.TIM11_IRQHandler) refers to lab11.o(.data) for period
    lab11.o(i.TIM4_IRQHandler) refers to lab11.o(i.__NVIC_ClearPendingIRQ) for __NVIC_ClearPendingIRQ
    lab11.o(i.TIM4_IRQHandler) refers to lab11.o(.data) for counter
    lab11.o(i.TIM9_IRQHandler) refers to dflt_clz.o(x$fpl$dfltu) for __aeabi_ui2d
    lab11.o(i.TIM9_IRQHandler) refers to dmul.o(x$fpl$dmul) for __aeabi_dmul
    lab11.o(i.TIM9_IRQHandler) refers to ddiv.o(x$fpl$ddiv) for __aeabi_ddiv
    lab11.o(i.TIM9_IRQHandler) refers to lab11.o(i.PID) for PID
    lab11.o(i.TIM9_IRQHandler) refers to lab11.o(i.__NVIC_ClearPendingIRQ) for __NVIC_ClearPendingIRQ
    lab11.o(i.TIM9_IRQHandler) refers to lab11.o(.data) for speedSelect
    lab11.o(i.TIM9_IRQHandler) refers to lab11.o(.bss) for newAdc
    lab11.o(i.main) refers to lab11.o(i.setup_pins) for setup_pins
    lab11.o(i.main) refers to lab11.o(i.setup_interupts) for setup_interupts
    lab11.o(i.main) refers to lab11.o(i.setup_timers) for setup_timers
    lab11.o(i.main) refers to lab11.o(i.setup_timersSmallCount) for setup_timersSmallCount
    lab11.o(i.main) refers to lab11.o(i.setup_speed_ctr) for setup_speed_ctr
    lab11.o(i.main) refers to lab11.o(.data) for running
    lab11.o(i.setup_interupts) refers to lab11.o(i.__NVIC_EnableIRQ) for __NVIC_EnableIRQ
    lab11.o(i.setup_interupts) refers to lab11.o(i.__NVIC_ClearPendingIRQ) for __NVIC_ClearPendingIRQ
    lab11.o(i.setup_timers) refers to lab11.o(i.__NVIC_EnableIRQ) for __NVIC_EnableIRQ
    lab11.o(i.setup_timersSmallCount) refers to lab11.o(i.__NVIC_EnableIRQ) for __NVIC_EnableIRQ
    lab11.o(i.speed_controller) refers to lab11.o(i.__NVIC_ClearPendingIRQ) for __NVIC_ClearPendingIRQ
    lab11.o(i.speed_controller) refers to lab11.o(i.__NVIC_EnableIRQ) for __NVIC_EnableIRQ
    startup_stm32l100xc.o(STACK) refers (Special) to heapauxi.o(.text) for __use_two_region_memory
    startup_stm32l100xc.o(HEAP) refers (Special) to heapauxi.o(.text) for __use_two_region_memory
    startup_stm32l100xc.o(RESET) refers (Special) to heapauxi.o(.text) for __use_two_region_memory
    startup_stm32l100xc.o(RESET) refers to startup_stm32l100xc.o(STACK) for __initial_sp
    startup_stm32l100xc.o(RESET) refers to startup_stm32l100xc.o(.text) for Reset_Handler
    startup_stm32l100xc.o(RESET) refers to lab11.o(i.EXTI1_IRQHandler) for EXTI1_IRQHandler
    startup_stm32l100xc.o(RESET) refers to lab11.o(i.TIM9_IRQHandler) for TIM9_IRQHandler
    startup_stm32l100xc.o(RESET) refers to lab11.o(i.TIM11_IRQHandler) for TIM11_IRQHandler
    startup_stm32l100xc.o(RESET) refers to lab11.o(i.TIM4_IRQHandler) for TIM4_IRQHandler
    startup_stm32l100xc.o(.text) refers (Special) to heapauxi.o(.text) for __use_two_region_memory
    startup_stm32l100xc.o(.text) refers to system_stm32l1xx.o(i.SystemInit) for SystemInit
    startup_stm32l100xc.o(.text) refers to __main.o(!!!main) for __main
    startup_stm32l100xc.o(.text) refers to startup_stm32l100xc.o(HEAP) for Heap_Mem
    startup_stm32l100xc.o(.text) refers to startup_stm32l100xc.o(STACK) for Stack_Mem
    system_stm32l1xx.o(i.SystemCoreClockUpdate) refers to system_stm32l1xx.o(.data) for SystemCoreClock
    __main.o(!!!main) refers to __rtentry.o(.ARM.Collect$$rtentry$$00000000) for __rt_entry
    daddsub_clz.o(x$fpl$dadd) refers (Special) to usenofp.o(x$fpl$usenofp) for __I$use$fp
    daddsub_clz.o(x$fpl$dadd) refers to daddsub_clz.o(x$fpl$dsub) for _dsub1
    daddsub_clz.o(x$fpl$dadd) refers to dretinf.o(x$fpl$dretinf) for __fpl_dretinf
    daddsub_clz.o(x$fpl$dadd) refers to dnaninf.o(x$fpl$dnaninf) for __fpl_dnaninf
    daddsub_clz.o(x$fpl$drsb) refers (Special) to usenofp.o(x$fpl$usenofp) for __I$use$fp
    daddsub_clz.o(x$fpl$drsb) refers to daddsub_clz.o(x$fpl$dadd) for _dadd1
    daddsub_clz.o(x$fpl$drsb) refers to daddsub_clz.o(x$fpl$dsub) for _dsub1
    daddsub_clz.o(x$fpl$dsub) refers (Special) to usenofp.o(x$fpl$usenofp) for __I$use$fp
    daddsub_clz.o(x$fpl$dsub) refers to daddsub_clz.o(x$fpl$dadd) for _dadd1
    daddsub_clz.o(x$fpl$dsub) refers to dnaninf.o(x$fpl$dnaninf) for __fpl_dnaninf
    ddiv.o(x$fpl$drdiv) refers (Special) to usenofp.o(x$fpl$usenofp) for __I$use$fp
    ddiv.o(x$fpl$drdiv) refers to ddiv.o(x$fpl$ddiv) for ddiv_entry
    ddiv.o(x$fpl$ddiv) refers (Special) to usenofp.o(x$fpl$usenofp) for __I$use$fp
    ddiv.o(x$fpl$ddiv) refers to dretinf.o(x$fpl$dretinf) for __fpl_dretinf
    ddiv.o(x$fpl$ddiv) refers to dnaninf.o(x$fpl$dnaninf) for __fpl_dnaninf
    dfix.o(x$fpl$dfix) refers (Special) to usenofp.o(x$fpl$usenofp) for __I$use$fp
    dfix.o(x$fpl$dfix) refers to dnaninf.o(x$fpl$dnaninf) for __fpl_dnaninf
    dfix.o(x$fpl$dfixr) refers (Special) to usenofp.o(x$fpl$usenofp) for __I$use$fp
    dfix.o(x$fpl$dfixr) refers to dnaninf.o(x$fpl$dnaninf) for __fpl_dnaninf
    dflt_clz.o(x$fpl$dfltu) refers (Special) to usenofp.o(x$fpl$usenofp) for __I$use$fp
    dflt_clz.o(x$fpl$dflt) refers (Special) to usenofp.o(x$fpl$usenofp) for __I$use$fp
    dflt_clz.o(x$fpl$dfltn) refers (Special) to usenofp.o(x$fpl$usenofp) for __I$use$fp
    dmul.o(x$fpl$dmul) refers (Special) to usenofp.o(x$fpl$usenofp) for __I$use$fp
    dmul.o(x$fpl$dmul) refers to dretinf.o(x$fpl$dretinf) for __fpl_dretinf
    dmul.o(x$fpl$dmul) refers to dnaninf.o(x$fpl$dnaninf) for __fpl_dnaninf
    __rtentry.o(.ARM.Collect$$rtentry$$00000000) refers (Special) to __rtentry2.o(.ARM.Collect$$rtentry$$0000000A) for __rt_entry_li
    __rtentry.o(.ARM.Collect$$rtentry$$00000000) refers (Special) to __rtentry2.o(.ARM.Collect$$rtentry$$0000000D) for __rt_entry_main
    __rtentry.o(.ARM.Collect$$rtentry$$00000000) refers (Special) to __rtentry2.o(.ARM.Collect$$rtentry$$0000000C) for __rt_entry_postli_1
    __rtentry.o(.ARM.Collect$$rtentry$$00000000) refers (Special) to __rtentry2.o(.ARM.Collect$$rtentry$$00000009) for __rt_entry_postsh_1
    __rtentry.o(.ARM.Collect$$rtentry$$00000000) refers (Special) to __rtentry2.o(.ARM.Collect$$rtentry$$00000002) for __rt_entry_presh_1
    __rtentry.o(.ARM.Collect$$rtentry$$00000000) refers (Special) to __rtentry4.o(.ARM.Collect$$rtentry$$00000004) for __rt_entry_sh
    dnaninf.o(x$fpl$dnaninf) refers (Special) to usenofp.o(x$fpl$usenofp) for __I$use$fp
    dretinf.o(x$fpl$dretinf) refers (Special) to usenofp.o(x$fpl$usenofp) for __I$use$fp
    __rtentry2.o(.ARM.Collect$$rtentry$$00000008) refers to boardinit2.o(.text) for _platform_post_stackheap_init
    __rtentry2.o(.ARM.Collect$$rtentry$$0000000A) refers to libinit.o(.ARM.Collect$$libinit$$00000000) for __rt_lib_init
    __rtentry2.o(.ARM.Collect$$rtentry$$0000000B) refers to boardinit3.o(.text) for _platform_post_lib_init
    __rtentry2.o(.ARM.Collect$$rtentry$$0000000D) refers to lab11.o(i.main) for main
    __rtentry2.o(.ARM.Collect$$rtentry$$0000000D) refers to exit.o(.text) for exit
    __rtentry2.o(.ARM.exidx) refers to __rtentry2.o(.ARM.Collect$$rtentry$$00000001) for .ARM.Collect$$rtentry$$00000001
    __rtentry2.o(.ARM.exidx) refers to __rtentry2.o(.ARM.Collect$$rtentry$$00000008) for .ARM.Collect$$rtentry$$00000008
    __rtentry2.o(.ARM.exidx) refers to __rtentry2.o(.ARM.Collect$$rtentry$$0000000A) for .ARM.Collect$$rtentry$$0000000A
    __rtentry2.o(.ARM.exidx) refers to __rtentry2.o(.ARM.Collect$$rtentry$$0000000B) for .ARM.Collect$$rtentry$$0000000B
    __rtentry2.o(.ARM.exidx) refers to __rtentry2.o(.ARM.Collect$$rtentry$$0000000D) for .ARM.Collect$$rtentry$$0000000D
    __rtentry4.o(.ARM.Collect$$rtentry$$00000004) refers to sys_stackheap_outer.o(.text) for __user_setup_stackheap
    __rtentry4.o(.ARM.exidx) refers to __rtentry4.o(.ARM.Collect$$rtentry$$00000004) for .ARM.Collect$$rtentry$$00000004
    sys_stackheap_outer.o(.text) refers to libspace.o(.text) for __user_perproc_libspace
    sys_stackheap_outer.o(.text) refers to startup_stm32l100xc.o(.text) for __user_initial_stackheap
    exit.o(.text) refers to rtexit.o(.ARM.Collect$$rtexit$$00000000) for __rt_exit
    libinit.o(.ARM.Collect$$libinit$$00000000) refers (Special) to libinit2.o(.ARM.Collect$$libinit$$0000002E) for __rt_lib_init_alloca_1
    libinit.o(.ARM.Collect$$libinit$$00000000) refers (Special) to libinit2.o(.ARM.Collect$$libinit$$0000002C) for __rt_lib_init_argv_1
    libinit.o(.ARM.Collect$$libinit$$00000000) refers (Special) to libinit2.o(.ARM.Collect$$libinit$$0000001B) for __rt_lib_init_atexit_1
    libinit.o(.ARM.Collect$$libinit$$00000000) refers (Special) to libinit2.o(.ARM.Collect$$libinit$$00000021) for __rt_lib_init_clock_1
    libinit.o(.ARM.Collect$$libinit$$00000000) refers (Special) to libinit2.o(.ARM.Collect$$libinit$$00000032) for __rt_lib_init_cpp_1
    libinit.o(.ARM.Collect$$libinit$$00000000) refers (Special) to libinit2.o(.ARM.Collect$$libinit$$00000030) for __rt_lib_init_exceptions_1
    libinit.o(.ARM.Collect$$libinit$$00000000) refers (Special) to libinit2.o(.ARM.Collect$$libinit$$00000002) for __rt_lib_init_fp_1
    libinit.o(.ARM.Collect$$libinit$$00000000) refers (Special) to libinit2.o(.ARM.Collect$$libinit$$0000001F) for __rt_lib_init_fp_trap_1
    libinit.o(.ARM.Collect$$libinit$$00000000) refers (Special) to libinit2.o(.ARM.Collect$$libinit$$00000023) for __rt_lib_init_getenv_1
    libinit.o(.ARM.Collect$$libinit$$00000000) refers (Special) to libinit2.o(.ARM.Collect$$libinit$$0000000A) for __rt_lib_init_heap_1
    libinit.o(.ARM.Collect$$libinit$$00000000) refers (Special) to libinit2.o(.ARM.Collect$$libinit$$00000011) for __rt_lib_init_lc_collate_1
    libinit.o(.ARM.Collect$$libinit$$00000000) refers (Special) to libinit2.o(.ARM.Collect$$libinit$$00000013) for __rt_lib_init_lc_ctype_1
    libinit.o(.ARM.Collect$$libinit$$00000000) refers (Special) to libinit2.o(.ARM.Collect$$libinit$$00000015) for __rt_lib_init_lc_monetary_1
    libinit.o(.ARM.Collect$$libinit$$00000000) refers (Special) to libinit2.o(.ARM.Collect$$libinit$$00000017) for __rt_lib_init_lc_numeric_1
    libinit.o(.ARM.Collect$$libinit$$00000000) refers (Special) to libinit2.o(.ARM.Collect$$libinit$$00000019) for __rt_lib_init_lc_time_1
    libinit.o(.ARM.Collect$$libinit$$00000000) refers (Special) to libinit2.o(.ARM.Collect$$libinit$$00000004) for __rt_lib_init_preinit_1
    libinit.o(.ARM.Collect$$libinit$$00000000) refers (Special) to libinit2.o(.ARM.Collect$$libinit$$0000000E) for __rt_lib_init_rand_1
    libinit.o(.ARM.Collect$$libinit$$00000000) refers (Special) to libinit2.o(.ARM.Collect$$libinit$$00000033) for __rt_lib_init_return
    libinit.o(.ARM.Collect$$libinit$$00000000) refers (Special) to libinit2.o(.ARM.Collect$$libinit$$0000001D) for __rt_lib_init_signal_1
    libinit.o(.ARM.Collect$$libinit$$00000000) refers (Special) to libinit2.o(.ARM.Collect$$libinit$$00000025) for __rt_lib_init_stdio_1
    libinit.o(.ARM.Collect$$libinit$$00000000) refers (Special) to libinit2.o(.ARM.Collect$$libinit$$0000000C) for __rt_lib_init_user_alloc_1
    libspace.o(.text) refers to libspace.o(.bss) for __libspace_start
    rtexit.o(.ARM.Collect$$rtexit$$00000000) refers (Special) to rtexit2.o(.ARM.Collect$$rtexit$$00000004) for __rt_exit_exit
    rtexit.o(.ARM.Collect$$rtexit$$00000000) refers (Special) to rtexit2.o(.ARM.Collect$$rtexit$$00000003) for __rt_exit_ls
    rtexit.o(.ARM.Collect$$rtexit$$00000000) refers (Special) to rtexit2.o(.ARM.Collect$$rtexit$$00000002) for __rt_exit_prels_1
    rtexit.o(.ARM.exidx) refers (Special) to rtexit2.o(.ARM.Collect$$rtexit$$00000004) for __rt_exit_exit
    rtexit.o(.ARM.exidx) refers (Special) to rtexit2.o(.ARM.Collect$$rtexit$$00000003) for __rt_exit_ls
    rtexit.o(.ARM.exidx) refers (Special) to rtexit2.o(.ARM.Collect$$rtexit$$00000002) for __rt_exit_prels_1
    rtexit.o(.ARM.exidx) refers to rtexit.o(.ARM.Collect$$rtexit$$00000000) for .ARM.Collect$$rtexit$$00000000
    libinit2.o(.ARM.Collect$$libinit$$00000010) refers to libinit2.o(.ARM.Collect$$libinit$$0000000F) for .ARM.Collect$$libinit$$0000000F
    libinit2.o(.ARM.Collect$$libinit$$00000012) refers to libinit2.o(.ARM.Collect$$libinit$$0000000F) for .ARM.Collect$$libinit$$0000000F
    libinit2.o(.ARM.Collect$$libinit$$00000014) refers to libinit2.o(.ARM.Collect$$libinit$$0000000F) for .ARM.Collect$$libinit$$0000000F
    libinit2.o(.ARM.Collect$$libinit$$00000016) refers to libinit2.o(.ARM.Collect$$libinit$$0000000F) for .ARM.Collect$$libinit$$0000000F
    libinit2.o(.ARM.Collect$$libinit$$00000018) refers to libinit2.o(.ARM.Collect$$libinit$$0000000F) for .ARM.Collect$$libinit$$0000000F
    libinit2.o(.ARM.Collect$$libinit$$00000026) refers to argv_veneer.o(.emb_text) for __ARM_argv_veneer
    libinit2.o(.ARM.Collect$$libinit$$00000027) refers to argv_veneer.o(.emb_text) for __ARM_argv_veneer
    rtexit2.o(.ARM.Collect$$rtexit$$00000003) refers to libshutdown.o(.ARM.Collect$$libshutdown$$00000000) for __rt_lib_shutdown
    rtexit2.o(.ARM.Collect$$rtexit$$00000004) refers to sys_exit.o(.text) for _sys_exit
    rtexit2.o(.ARM.exidx) refers to rtexit2.o(.ARM.Collect$$rtexit$$00000001) for .ARM.Collect$$rtexit$$00000001
    rtexit2.o(.ARM.exidx) refers to rtexit2.o(.ARM.Collect$$rtexit$$00000003) for .ARM.Collect$$rtexit$$00000003
    rtexit2.o(.ARM.exidx) refers to rtexit2.o(.ARM.Collect$$rtexit$$00000004) for .ARM.Collect$$rtexit$$00000004
    argv_veneer.o(.emb_text) refers to no_argv.o(.text) for __ARM_get_argv
    sys_exit.o(.text) refers (Special) to use_no_semi.o(.text) for __I$use$semihosting
    sys_exit.o(.text) refers (Special) to indicate_semi.o(.text) for __semihosting_library_function
    _get_argv_nomalloc.o(.text) refers (Special) to hrguard.o(.text) for __heap_region$guard
    _get_argv_nomalloc.o(.text) refers to defsig_rtmem_outer.o(.text) for __rt_SIGRTMEM
    _get_argv_nomalloc.o(.text) refers to sys_command.o(.text) for _sys_command_string
    libshutdown.o(.ARM.Collect$$libshutdown$$00000000) refers (Special) to libshutdown2.o(.ARM.Collect$$libshutdown$$00000002) for __rt_lib_shutdown_cpp_1
    libshutdown.o(.ARM.Collect$$libshutdown$$00000000) refers (Special) to libshutdown2.o(.ARM.Collect$$libshutdown$$00000007) for __rt_lib_shutdown_fp_trap_1
    libshutdown.o(.ARM.Collect$$libshutdown$$00000000) refers (Special) to libshutdown2.o(.ARM.Collect$$libshutdown$$0000000F) for __rt_lib_shutdown_heap_1
    libshutdown.o(.ARM.Collect$$libshutdown$$00000000) refers (Special) to libshutdown2.o(.ARM.Collect$$libshutdown$$00000010) for __rt_lib_shutdown_return
    libshutdown.o(.ARM.Collect$$libshutdown$$00000000) refers (Special) to libshutdown2.o(.ARM.Collect$$libshutdown$$0000000A) for __rt_lib_shutdown_signal_1
    libshutdown.o(.ARM.Collect$$libshutdown$$00000000) refers (Special) to libshutdown2.o(.ARM.Collect$$libshutdown$$00000004) for __rt_lib_shutdown_stdio_1
    libshutdown.o(.ARM.Collect$$libshutdown$$00000000) refers (Special) to libshutdown2.o(.ARM.Collect$$libshutdown$$0000000C) for __rt_lib_shutdown_user_alloc_1
    sys_command.o(.text) refers (Special) to use_no_semi.o(.text) for __I$use$semihosting
    sys_command.o(.text) refers (Special) to indicate_semi.o(.text) for __semihosting_library_function
    defsig_rtmem_outer.o(.text) refers to defsig_rtmem_inner.o(.text) for __rt_SIGRTMEM_inner
    defsig_rtmem_outer.o(.text) refers to defsig_exit.o(.text) for __sig_exit
    defsig_rtmem_formal.o(.text) refers to rt_raise.o(.text) for __rt_raise
    rt_raise.o(.text) refers to __raise.o(.text) for __raise
    rt_raise.o(.text) refers to sys_exit.o(.text) for _sys_exit
    defsig_exit.o(.text) refers to sys_exit.o(.text) for _sys_exit
    defsig_rtmem_inner.o(.text) refers to defsig_general.o(.text) for __default_signal_display
    __raise.o(.text) refers to defsig.o(CL$$defsig) for __default_signal_handler
    defsig_general.o(.text) refers to sys_wrch.o(.text) for _ttywrch
    sys_wrch.o(.text) refers (Special) to use_no_semi.o(.text) for __I$use$semihosting
    sys_wrch.o(.text) refers (Special) to indicate_semi.o(.text) for __semihosting_library_function
    defsig.o(CL$$defsig) refers to defsig_rtmem_inner.o(.text) for __rt_SIGRTMEM_inner
    defsig_abrt_inner.o(.text) refers to defsig_general.o(.text) for __default_signal_display
    defsig_fpe_inner.o(.text) refers to defsig_general.o(.text) for __default_signal_display
    defsig_rtred_inner.o(.text) refers to defsig_general.o(.text) for __default_signal_display
    defsig_stak_inner.o(.text) refers to defsig_general.o(.text) for __default_signal_display
    defsig_pvfn_inner.o(.text) refers to defsig_general.o(.text) for __default_signal_display
    defsig_cppl_inner.o(.text) refers to defsig_general.o(.text) for __default_signal_display
    defsig_segv_inner.o(.text) refers to defsig_general.o(.text) for __default_signal_display
    defsig_other.o(.text) refers to defsig_general.o(.text) for __default_signal_display


==============================================================================

Removing Unused input sections from the image.

    Removing lab11.o(.rev16_text), (4 bytes).
    Removing lab11.o(.revsh_text), (4 bytes).
    Removing lab11.o(.rrx_text), (6 bytes).
    Removing lab11.o(i.delay), (28 bytes).
    Removing lab11.o(i.delay2), (28 bytes).
    Removing lab11.o(i.speed_controller), (164 bytes).
    Removing lab11.o(i.update_leds), (32 bytes).
    Removing system_stm32l1xx.o(.rev16_text), (4 bytes).
    Removing system_stm32l1xx.o(.revsh_text), (4 bytes).
    Removing system_stm32l1xx.o(.rrx_text), (6 bytes).
    Removing system_stm32l1xx.o(i.SystemCoreClockUpdate), (216 bytes).
    Removing system_stm32l1xx.o(.data), (29 bytes).

12 unused section(s) (total 525 bytes) removed from the image.

==============================================================================

Image Symbol Table

    Local Symbols

    Symbol Name                              Value     Ov Type        Size  Object(Section)

    ../clib/angel/boardlib.s                 0x00000000   Number         0  boardshut.o ABSOLUTE
    ../clib/angel/boardlib.s                 0x00000000   Number         0  boardinit1.o ABSOLUTE
    ../clib/angel/boardlib.s                 0x00000000   Number         0  boardinit2.o ABSOLUTE
    ../clib/angel/boardlib.s                 0x00000000   Number         0  boardinit3.o ABSOLUTE
    ../clib/angel/dczerorl2.s                0x00000000   Number         0  __dczerorl2.o ABSOLUTE
    ../clib/angel/handlers.s                 0x00000000   Number         0  __scatter_zi.o ABSOLUTE
    ../clib/angel/kernel.s                   0x00000000   Number         0  __rtentry2.o ABSOLUTE
    ../clib/angel/kernel.s                   0x00000000   Number         0  __rtentry4.o ABSOLUTE
    ../clib/angel/kernel.s                   0x00000000   Number         0  rtexit2.o ABSOLUTE
    ../clib/angel/kernel.s                   0x00000000   Number         0  rtexit.o ABSOLUTE
    ../clib/angel/kernel.s                   0x00000000   Number         0  __rtentry.o ABSOLUTE
    ../clib/angel/rt.s                       0x00000000   Number         0  rt_raise.o ABSOLUTE
    ../clib/angel/scatter.s                  0x00000000   Number         0  __scatter.o ABSOLUTE
    ../clib/angel/startup.s                  0x00000000   Number         0  __main.o ABSOLUTE
    ../clib/angel/sys.s                      0x00000000   Number         0  indicate_semi.o ABSOLUTE
    ../clib/angel/sys.s                      0x00000000   Number         0  libspace.o ABSOLUTE
    ../clib/angel/sys.s                      0x00000000   Number         0  sys_stackheap_outer.o ABSOLUTE
    ../clib/angel/sys.s                      0x00000000   Number         0  use_no_semi.o ABSOLUTE
    ../clib/angel/sysapp.c                   0x00000000   Number         0  sys_command.o ABSOLUTE
    ../clib/angel/sysapp.c                   0x00000000   Number         0  sys_exit.o ABSOLUTE
    ../clib/angel/sysapp.c                   0x00000000   Number         0  sys_wrch.o ABSOLUTE
    ../clib/armsys.c                         0x00000000   Number         0  no_argv.o ABSOLUTE
    ../clib/armsys.c                         0x00000000   Number         0  _get_argv_nomalloc.o ABSOLUTE
    ../clib/armsys.c                         0x00000000   Number         0  argv_veneer.o ABSOLUTE
    ../clib/armsys.c                         0x00000000   Number         0  argv_veneer.o ABSOLUTE
    ../clib/heapalloc.c                      0x00000000   Number         0  hrguard.o ABSOLUTE
    ../clib/heapaux.c                        0x00000000   Number         0  heapauxi.o ABSOLUTE
    ../clib/libinit.s                        0x00000000   Number         0  libinit.o ABSOLUTE
    ../clib/libinit.s                        0x00000000   Number         0  libshutdown2.o ABSOLUTE
    ../clib/libinit.s                        0x00000000   Number         0  libshutdown.o ABSOLUTE
    ../clib/libinit.s                        0x00000000   Number         0  libinit2.o ABSOLUTE
    ../clib/signal.c                         0x00000000   Number         0  defsig_rtred_inner.o ABSOLUTE
    ../clib/signal.c                         0x00000000   Number         0  defsig_fpe_inner.o ABSOLUTE
    ../clib/signal.c                         0x00000000   Number         0  defsig_segv_inner.o ABSOLUTE
    ../clib/signal.c                         0x00000000   Number         0  defsig_abrt_inner.o ABSOLUTE
    ../clib/signal.c                         0x00000000   Number         0  defsig_other.o ABSOLUTE
    ../clib/signal.c                         0x00000000   Number         0  defsig_exit.o ABSOLUTE
    ../clib/signal.c                         0x00000000   Number         0  defsig_general.o ABSOLUTE
    ../clib/signal.c                         0x00000000   Number         0  __raise.o ABSOLUTE
    ../clib/signal.c                         0x00000000   Number         0  defsig_rtmem_inner.o ABSOLUTE
    ../clib/signal.c                         0x00000000   Number         0  defsig_rtmem_outer.o ABSOLUTE
    ../clib/signal.c                         0x00000000   Number         0  defsig_cppl_inner.o ABSOLUTE
    ../clib/signal.c                         0x00000000   Number         0  defsig_rtmem_formal.o ABSOLUTE
    ../clib/signal.c                         0x00000000   Number         0  defsig_pvfn_inner.o ABSOLUTE
    ../clib/signal.c                         0x00000000   Number         0  defsig_stak_inner.o ABSOLUTE
    ../clib/signal.s                         0x00000000   Number         0  defsig.o ABSOLUTE
    ../clib/stdlib.c                         0x00000000   Number         0  exit.o ABSOLUTE
    ../fplib/daddsub.s                       0x00000000   Number         0  daddsub_clz.o ABSOLUTE
    ../fplib/ddiv.s                          0x00000000   Number         0  ddiv.o ABSOLUTE
    ../fplib/dfix.s                          0x00000000   Number         0  dfix.o ABSOLUTE
    ../fplib/dflt.s                          0x00000000   Number         0  dflt_clz.o ABSOLUTE
    ../fplib/dmul.s                          0x00000000   Number         0  dmul.o ABSOLUTE
    ../fplib/dnaninf.s                       0x00000000   Number         0  dnaninf.o ABSOLUTE
    ../fplib/dretinf.s                       0x00000000   Number         0  dretinf.o ABSOLUTE
    ../fplib/fpinit.s                        0x00000000   Number         0  fpinit.o ABSOLUTE
    ../fplib/usenofp.s                       0x00000000   Number         0  usenofp.o ABSOLUTE
    RTE\Device\STM32L100RC\startup_stm32l100xc.s 0x00000000   Number         0  startup_stm32l100xc.o ABSOLUTE
    RTE\Device\STM32L100RC\system_stm32l1xx.c 0x00000000   Number         0  system_stm32l1xx.o ABSOLUTE
    RTE\\Device\\STM32L100RC\\system_stm32l1xx.c 0x00000000   Number         0  system_stm32l1xx.o ABSOLUTE
    dc.s                                     0x00000000   Number         0  dc.o ABSOLUTE
    lab11.c                                  0x00000000   Number         0  lab11.o ABSOLUTE
    lab11.c                                  0x00000000   Number         0  lab11.o ABSOLUTE
    RESET                                    0x08000000   Section      292  startup_stm32l100xc.o(RESET)
    !!!main                                  0x08000124   Section        8  __main.o(!!!main)
    !!!scatter                               0x0800012c   Section       52  __scatter.o(!!!scatter)
    !!dczerorl2                              0x08000160   Section       90  __dczerorl2.o(!!dczerorl2)
    !!handler_zi                             0x080001bc   Section       28  __scatter_zi.o(!!handler_zi)
    .ARM.Collect$$libinit$$00000000          0x080001d8   Section        2  libinit.o(.ARM.Collect$$libinit$$00000000)
    .ARM.Collect$$libinit$$00000002          0x080001da   Section        0  libinit2.o(.ARM.Collect$$libinit$$00000002)
    .ARM.Collect$$libinit$$00000004          0x080001da   Section        0  libinit2.o(.ARM.Collect$$libinit$$00000004)
    .ARM.Collect$$libinit$$0000000A          0x080001da   Section        0  libinit2.o(.ARM.Collect$$libinit$$0000000A)
    .ARM.Collect$$libinit$$0000000C          0x080001da   Section        0  libinit2.o(.ARM.Collect$$libinit$$0000000C)
    .ARM.Collect$$libinit$$0000000E          0x080001da   Section        0  libinit2.o(.ARM.Collect$$libinit$$0000000E)
    .ARM.Collect$$libinit$$00000011          0x080001da   Section        0  libinit2.o(.ARM.Collect$$libinit$$00000011)
    .ARM.Collect$$libinit$$00000013          0x080001da   Section        0  libinit2.o(.ARM.Collect$$libinit$$00000013)
    .ARM.Collect$$libinit$$00000015          0x080001da   Section        0  libinit2.o(.ARM.Collect$$libinit$$00000015)
    .ARM.Collect$$libinit$$00000017          0x080001da   Section        0  libinit2.o(.ARM.Collect$$libinit$$00000017)
    .ARM.Collect$$libinit$$00000019          0x080001da   Section        0  libinit2.o(.ARM.Collect$$libinit$$00000019)
    .ARM.Collect$$libinit$$0000001B          0x080001da   Section        0  libinit2.o(.ARM.Collect$$libinit$$0000001B)
    .ARM.Collect$$libinit$$0000001D          0x080001da   Section        0  libinit2.o(.ARM.Collect$$libinit$$0000001D)
    .ARM.Collect$$libinit$$0000001F          0x080001da   Section        0  libinit2.o(.ARM.Collect$$libinit$$0000001F)
    .ARM.Collect$$libinit$$00000021          0x080001da   Section        0  libinit2.o(.ARM.Collect$$libinit$$00000021)
    .ARM.Collect$$libinit$$00000023          0x080001da   Section        0  libinit2.o(.ARM.Collect$$libinit$$00000023)
    .ARM.Collect$$libinit$$00000025          0x080001da   Section        0  libinit2.o(.ARM.Collect$$libinit$$00000025)
    .ARM.Collect$$libinit$$0000002C          0x080001da   Section        0  libinit2.o(.ARM.Collect$$libinit$$0000002C)
    .ARM.Collect$$libinit$$0000002E          0x080001da   Section        0  libinit2.o(.ARM.Collect$$libinit$$0000002E)
    .ARM.Collect$$libinit$$00000030          0x080001da   Section        0  libinit2.o(.ARM.Collect$$libinit$$00000030)
    .ARM.Collect$$libinit$$00000032          0x080001da   Section        0  libinit2.o(.ARM.Collect$$libinit$$00000032)
    .ARM.Collect$$libinit$$00000033          0x080001da   Section        2  libinit2.o(.ARM.Collect$$libinit$$00000033)
    .ARM.Collect$$libshutdown$$00000000      0x080001dc   Section        2  libshutdown.o(.ARM.Collect$$libshutdown$$00000000)
    .ARM.Collect$$libshutdown$$00000002      0x080001de   Section        0  libshutdown2.o(.ARM.Collect$$libshutdown$$00000002)
    .ARM.Collect$$libshutdown$$00000004      0x080001de   Section        0  libshutdown2.o(.ARM.Collect$$libshutdown$$00000004)
    .ARM.Collect$$libshutdown$$00000007      0x080001de   Section        0  libshutdown2.o(.ARM.Collect$$libshutdown$$00000007)
    .ARM.Collect$$libshutdown$$0000000A      0x080001de   Section        0  libshutdown2.o(.ARM.Collect$$libshutdown$$0000000A)
    .ARM.Collect$$libshutdown$$0000000C      0x080001de   Section        0  libshutdown2.o(.ARM.Collect$$libshutdown$$0000000C)
    .ARM.Collect$$libshutdown$$0000000F      0x080001de   Section        0  libshutdown2.o(.ARM.Collect$$libshutdown$$0000000F)
    .ARM.Collect$$libshutdown$$00000010      0x080001de   Section        2  libshutdown2.o(.ARM.Collect$$libshutdown$$00000010)
    .ARM.Collect$$rtentry$$00000000          0x080001e0   Section        0  __rtentry.o(.ARM.Collect$$rtentry$$00000000)
    .ARM.Collect$$rtentry$$00000002          0x080001e0   Section        0  __rtentry2.o(.ARM.Collect$$rtentry$$00000002)
    .ARM.Collect$$rtentry$$00000004          0x080001e0   Section        6  __rtentry4.o(.ARM.Collect$$rtentry$$00000004)
    .ARM.Collect$$rtentry$$00000009          0x080001e6   Section        0  __rtentry2.o(.ARM.Collect$$rtentry$$00000009)
    .ARM.Collect$$rtentry$$0000000A          0x080001e6   Section        4  __rtentry2.o(.ARM.Collect$$rtentry$$0000000A)
    .ARM.Collect$$rtentry$$0000000C          0x080001ea   Section        0  __rtentry2.o(.ARM.Collect$$rtentry$$0000000C)
    .ARM.Collect$$rtentry$$0000000D          0x080001ea   Section        8  __rtentry2.o(.ARM.Collect$$rtentry$$0000000D)
    .ARM.Collect$$rtexit$$00000000           0x080001f2   Section        2  rtexit.o(.ARM.Collect$$rtexit$$00000000)
    .ARM.Collect$$rtexit$$00000002           0x080001f4   Section        0  rtexit2.o(.ARM.Collect$$rtexit$$00000002)
    .ARM.Collect$$rtexit$$00000003           0x080001f4   Section        4  rtexit2.o(.ARM.Collect$$rtexit$$00000003)
    .ARM.Collect$$rtexit$$00000004           0x080001f8   Section        6  rtexit2.o(.ARM.Collect$$rtexit$$00000004)
    .text                                    0x08000200   Section       64  startup_stm32l100xc.o(.text)
    .text                                    0x08000240   Section        0  heapauxi.o(.text)
    .text                                    0x08000246   Section       74  sys_stackheap_outer.o(.text)
    .text                                    0x08000290   Section        0  exit.o(.text)
    .text                                    0x080002a4   Section        8  libspace.o(.text)
    .text                                    0x080002ac   Section        0  sys_exit.o(.text)
    .text                                    0x080002b8   Section        2  use_no_semi.o(.text)
    .text                                    0x080002ba   Section        0  indicate_semi.o(.text)
    i.EXTI1_IRQHandler                       0x080002bc   Section        0  lab11.o(i.EXTI1_IRQHandler)
    i.PID                                    0x08000538   Section        0  lab11.o(i.PID)
    i.SystemInit                             0x080006a0   Section        0  system_stm32l1xx.o(i.SystemInit)
    i.TIM11_IRQHandler                       0x08000704   Section        0  lab11.o(i.TIM11_IRQHandler)
    i.TIM4_IRQHandler                        0x0800074c   Section        0  lab11.o(i.TIM4_IRQHandler)
    i.TIM9_IRQHandler                        0x080007d0   Section        0  lab11.o(i.TIM9_IRQHandler)
    i.__NVIC_ClearPendingIRQ                 0x0800089c   Section        0  lab11.o(i.__NVIC_ClearPendingIRQ)
    __NVIC_ClearPendingIRQ                   0x0800089d   Thumb Code    22  lab11.o(i.__NVIC_ClearPendingIRQ)
    i.__NVIC_EnableIRQ                       0x080008b8   Section        0  lab11.o(i.__NVIC_EnableIRQ)
    __NVIC_EnableIRQ                         0x080008b9   Thumb Code    26  lab11.o(i.__NVIC_EnableIRQ)
    i.main                                   0x080008d4   Section        0  lab11.o(i.main)
    i.setup_interupts                        0x080009d4   Section        0  lab11.o(i.setup_interupts)
    i.setup_pins                             0x08000a20   Section        0  lab11.o(i.setup_pins)
    i.setup_speed_ctr                        0x08000ae4   Section        0  lab11.o(i.setup_speed_ctr)
    i.setup_timers                           0x08000b58   Section        0  lab11.o(i.setup_timers)
    i.setup_timersSmallCount                 0x08000c68   Section        0  lab11.o(i.setup_timersSmallCount)
    i.smallDelay                             0x08000cd4   Section        0  lab11.o(i.smallDelay)
    x$fpl$dadd                               0x08000ce4   Section      336  daddsub_clz.o(x$fpl$dadd)
    _dadd1                                   0x08000cf5   Thumb Code     0  daddsub_clz.o(x$fpl$dadd)
    x$fpl$ddiv                               0x08000e34   Section      688  ddiv.o(x$fpl$ddiv)
    ddiv_entry                               0x08000e3b   Thumb Code     0  ddiv.o(x$fpl$ddiv)
    x$fpl$dfix                               0x080010e4   Section       94  dfix.o(x$fpl$dfix)
    x$fpl$dflt                               0x08001142   Section       46  dflt_clz.o(x$fpl$dflt)
    x$fpl$dfltu                              0x08001170   Section       38  dflt_clz.o(x$fpl$dfltu)
    x$fpl$dmul                               0x08001198   Section      340  dmul.o(x$fpl$dmul)
    x$fpl$dnaninf                            0x080012ec   Section      156  dnaninf.o(x$fpl$dnaninf)
    x$fpl$dretinf                            0x08001388   Section       12  dretinf.o(x$fpl$dretinf)
    x$fpl$dsub                               0x08001394   Section      468  daddsub_clz.o(x$fpl$dsub)
    _dsub1                                   0x080013a5   Thumb Code     0  daddsub_clz.o(x$fpl$dsub)
    .constdata                               0x08001568   Section       32  lab11.o(.constdata)
    x$fpl$usenofp                            0x08001568   Section        0  usenofp.o(x$fpl$usenofp)
    .data                                    0x20000000   Section      298  lab11.o(.data)
    .bss                                     0x20000130   Section    16000  lab11.o(.bss)
    .bss                                     0x20003fb0   Section       96  libspace.o(.bss)
    HEAP                                     0x20004010   Section      512  startup_stm32l100xc.o(HEAP)
    Heap_Mem                                 0x20004010   Data         512  startup_stm32l100xc.o(HEAP)
    STACK                                    0x20004210   Section     1024  startup_stm32l100xc.o(STACK)
    Stack_Mem                                0x20004210   Data        1024  startup_stm32l100xc.o(STACK)
    __initial_sp                             0x20004610   Data           0  startup_stm32l100xc.o(STACK)

    Global Symbols

    Symbol Name                              Value     Ov Type        Size  Object(Section)

    BuildAttributes$$THM_ISAv4$P$D$K$B$S$PE$A:L22UL41UL21$X:L11$S22US41US21$IEEE1$IW$USESV6$~STKCKD$USESV7$~SHL$OSPACE$ROPI$EBA8$UX$STANDARDLIB$REQ8$PRES8$EABIv2 0x00000000   Number         0  anon$$obj.o ABSOLUTE
    __ARM_use_no_argv                        0x00000000   Number         0  lab11.o ABSOLUTE
    __ARM_exceptions_init                     - Undefined Weak Reference
    __alloca_initialize                       - Undefined Weak Reference
    __arm_preinit_                            - Undefined Weak Reference
    __cpp_initialize__aeabi_                  - Undefined Weak Reference
    __cxa_finalize                            - Undefined Weak Reference
    __rt_locale                               - Undefined Weak Reference
    __sigvec_lookup                           - Undefined Weak Reference
    _atexit_init                              - Undefined Weak Reference
    _call_atexit_fns                          - Undefined Weak Reference
    _clock_init                               - Undefined Weak Reference
    _fp_trap_init                             - Undefined Weak Reference
    _fp_trap_shutdown                         - Undefined Weak Reference
    _get_lc_collate                           - Undefined Weak Reference
    _get_lc_ctype                             - Undefined Weak Reference
    _get_lc_monetary                          - Undefined Weak Reference
    _get_lc_numeric                           - Undefined Weak Reference
    _get_lc_time                              - Undefined Weak Reference
    _getenv_init                              - Undefined Weak Reference
    _handle_redirection                       - Undefined Weak Reference
    _init_alloc                               - Undefined Weak Reference
    _init_user_alloc                          - Undefined Weak Reference
    _initio                                   - Undefined Weak Reference
    _rand_init                                - Undefined Weak Reference
    _signal_finish                            - Undefined Weak Reference
    _signal_init                              - Undefined Weak Reference
    _terminate_alloc                          - Undefined Weak Reference
    _terminate_user_alloc                     - Undefined Weak Reference
    _terminateio                              - Undefined Weak Reference
    __Vectors_Size                           0x00000124   Number         0  startup_stm32l100xc.o ABSOLUTE
    __Vectors                                0x08000000   Data           4  startup_stm32l100xc.o(RESET)
    __Vectors_End                            0x08000124   Data           0  startup_stm32l100xc.o(RESET)
    __main                                   0x08000125   Thumb Code     8  __main.o(!!!main)
    __scatterload                            0x0800012d   Thumb Code     0  __scatter.o(!!!scatter)
    __scatterload_rt2                        0x0800012d   Thumb Code    44  __scatter.o(!!!scatter)
    __scatterload_rt2_thumb_only             0x0800012d   Thumb Code     0  __scatter.o(!!!scatter)
    __scatterload_null                       0x0800013b   Thumb Code     0  __scatter.o(!!!scatter)
    __decompress                             0x08000161   Thumb Code    90  __dczerorl2.o(!!dczerorl2)
    __decompress1                            0x08000161   Thumb Code     0  __dczerorl2.o(!!dczerorl2)
    __scatterload_zeroinit                   0x080001bd   Thumb Code    28  __scatter_zi.o(!!handler_zi)
    __rt_lib_init                            0x080001d9   Thumb Code     0  libinit.o(.ARM.Collect$$libinit$$00000000)
    __rt_lib_init_alloca_1                   0x080001db   Thumb Code     0  libinit2.o(.ARM.Collect$$libinit$$0000002E)
    __rt_lib_init_argv_1                     0x080001db   Thumb Code     0  libinit2.o(.ARM.Collect$$libinit$$0000002C)
    __rt_lib_init_atexit_1                   0x080001db   Thumb Code     0  libinit2.o(.ARM.Collect$$libinit$$0000001B)
    __rt_lib_init_clock_1                    0x080001db   Thumb Code     0  libinit2.o(.ARM.Collect$$libinit$$00000021)
    __rt_lib_init_cpp_1                      0x080001db   Thumb Code     0  libinit2.o(.ARM.Collect$$libinit$$00000032)
    __rt_lib_init_exceptions_1               0x080001db   Thumb Code     0  libinit2.o(.ARM.Collect$$libinit$$00000030)
    __rt_lib_init_fp_1                       0x080001db   Thumb Code     0  libinit2.o(.ARM.Collect$$libinit$$00000002)
    __rt_lib_init_fp_trap_1                  0x080001db   Thumb Code     0  libinit2.o(.ARM.Collect$$libinit$$0000001F)
    __rt_lib_init_getenv_1                   0x080001db   Thumb Code     0  libinit2.o(.ARM.Collect$$libinit$$00000023)
    __rt_lib_init_heap_1                     0x080001db   Thumb Code     0  libinit2.o(.ARM.Collect$$libinit$$0000000A)
    __rt_lib_init_lc_collate_1               0x080001db   Thumb Code     0  libinit2.o(.ARM.Collect$$libinit$$00000011)
    __rt_lib_init_lc_ctype_1                 0x080001db   Thumb Code     0  libinit2.o(.ARM.Collect$$libinit$$00000013)
    __rt_lib_init_lc_monetary_1              0x080001db   Thumb Code     0  libinit2.o(.ARM.Collect$$libinit$$00000015)
    __rt_lib_init_lc_numeric_1               0x080001db   Thumb Code     0  libinit2.o(.ARM.Collect$$libinit$$00000017)
    __rt_lib_init_lc_time_1                  0x080001db   Thumb Code     0  libinit2.o(.ARM.Collect$$libinit$$00000019)
    __rt_lib_init_preinit_1                  0x080001db   Thumb Code     0  libinit2.o(.ARM.Collect$$libinit$$00000004)
    __rt_lib_init_rand_1                     0x080001db   Thumb Code     0  libinit2.o(.ARM.Collect$$libinit$$0000000E)
    __rt_lib_init_return                     0x080001db   Thumb Code     0  libinit2.o(.ARM.Collect$$libinit$$00000033)
    __rt_lib_init_signal_1                   0x080001db   Thumb Code     0  libinit2.o(.ARM.Collect$$libinit$$0000001D)
    __rt_lib_init_stdio_1                    0x080001db   Thumb Code     0  libinit2.o(.ARM.Collect$$libinit$$00000025)
    __rt_lib_init_user_alloc_1               0x080001db   Thumb Code     0  libinit2.o(.ARM.Collect$$libinit$$0000000C)
    __rt_lib_shutdown                        0x080001dd   Thumb Code     0  libshutdown.o(.ARM.Collect$$libshutdown$$00000000)
    __rt_lib_shutdown_cpp_1                  0x080001df   Thumb Code     0  libshutdown2.o(.ARM.Collect$$libshutdown$$00000002)
    __rt_lib_shutdown_fp_trap_1              0x080001df   Thumb Code     0  libshutdown2.o(.ARM.Collect$$libshutdown$$00000007)
    __rt_lib_shutdown_heap_1                 0x080001df   Thumb Code     0  libshutdown2.o(.ARM.Collect$$libshutdown$$0000000F)
    __rt_lib_shutdown_return                 0x080001df   Thumb Code     0  libshutdown2.o(.ARM.Collect$$libshutdown$$00000010)
    __rt_lib_shutdown_signal_1               0x080001df   Thumb Code     0  libshutdown2.o(.ARM.Collect$$libshutdown$$0000000A)
    __rt_lib_shutdown_stdio_1                0x080001df   Thumb Code     0  libshutdown2.o(.ARM.Collect$$libshutdown$$00000004)
    __rt_lib_shutdown_user_alloc_1           0x080001df   Thumb Code     0  libshutdown2.o(.ARM.Collect$$libshutdown$$0000000C)
    __rt_entry                               0x080001e1   Thumb Code     0  __rtentry.o(.ARM.Collect$$rtentry$$00000000)
    __rt_entry_presh_1                       0x080001e1   Thumb Code     0  __rtentry2.o(.ARM.Collect$$rtentry$$00000002)
    __rt_entry_sh                            0x080001e1   Thumb Code     0  __rtentry4.o(.ARM.Collect$$rtentry$$00000004)
    __rt_entry_li                            0x080001e7   Thumb Code     0  __rtentry2.o(.ARM.Collect$$rtentry$$0000000A)
    __rt_entry_postsh_1                      0x080001e7   Thumb Code     0  __rtentry2.o(.ARM.Collect$$rtentry$$00000009)
    __rt_entry_main                          0x080001eb   Thumb Code     0  __rtentry2.o(.ARM.Collect$$rtentry$$0000000D)
    __rt_entry_postli_1                      0x080001eb   Thumb Code     0  __rtentry2.o(.ARM.Collect$$rtentry$$0000000C)
    __rt_exit                                0x080001f3   Thumb Code     0  rtexit.o(.ARM.Collect$$rtexit$$00000000)
    __rt_exit_ls                             0x080001f5   Thumb Code     0  rtexit2.o(.ARM.Collect$$rtexit$$00000003)
    __rt_exit_prels_1                        0x080001f5   Thumb Code     0  rtexit2.o(.ARM.Collect$$rtexit$$00000002)
    __rt_exit_exit                           0x080001f9   Thumb Code     0  rtexit2.o(.ARM.Collect$$rtexit$$00000004)
    Reset_Handler                            0x08000201   Thumb Code     8  startup_stm32l100xc.o(.text)
    NMI_Handler                              0x08000209   Thumb Code     2  startup_stm32l100xc.o(.text)
    HardFault_Handler                        0x0800020b   Thumb Code     2  startup_stm32l100xc.o(.text)
    MemManage_Handler                        0x0800020d   Thumb Code     2  startup_stm32l100xc.o(.text)
    BusFault_Handler                         0x0800020f   Thumb Code     2  startup_stm32l100xc.o(.text)
    UsageFault_Handler                       0x08000211   Thumb Code     2  startup_stm32l100xc.o(.text)
    SVC_Handler                              0x08000213   Thumb Code     2  startup_stm32l100xc.o(.text)
    DebugMon_Handler                         0x08000215   Thumb Code     2  startup_stm32l100xc.o(.text)
    PendSV_Handler                           0x08000217   Thumb Code     2  startup_stm32l100xc.o(.text)
    SysTick_Handler                          0x08000219   Thumb Code     2  startup_stm32l100xc.o(.text)
    ADC1_IRQHandler                          0x0800021b   Thumb Code     0  startup_stm32l100xc.o(.text)
    COMP_ACQ_IRQHandler                      0x0800021b   Thumb Code     0  startup_stm32l100xc.o(.text)
    COMP_IRQHandler                          0x0800021b   Thumb Code     0  startup_stm32l100xc.o(.text)
    DAC_IRQHandler                           0x0800021b   Thumb Code     0  startup_stm32l100xc.o(.text)
    DMA1_Channel1_IRQHandler                 0x0800021b   Thumb Code     0  startup_stm32l100xc.o(.text)
    DMA1_Channel2_IRQHandler                 0x0800021b   Thumb Code     0  startup_stm32l100xc.o(.text)
    DMA1_Channel3_IRQHandler                 0x0800021b   Thumb Code     0  startup_stm32l100xc.o(.text)
    DMA1_Channel4_IRQHandler                 0x0800021b   Thumb Code     0  startup_stm32l100xc.o(.text)
    DMA1_Channel5_IRQHandler                 0x0800021b   Thumb Code     0  startup_stm32l100xc.o(.text)
    DMA1_Channel6_IRQHandler                 0x0800021b   Thumb Code     0  startup_stm32l100xc.o(.text)
    DMA1_Channel7_IRQHandler                 0x0800021b   Thumb Code     0  startup_stm32l100xc.o(.text)
    DMA2_Channel1_IRQHandler                 0x0800021b   Thumb Code     0  startup_stm32l100xc.o(.text)
    DMA2_Channel2_IRQHandler                 0x0800021b   Thumb Code     0  startup_stm32l100xc.o(.text)
    DMA2_Channel3_IRQHandler                 0x0800021b   Thumb Code     0  startup_stm32l100xc.o(.text)
    DMA2_Channel4_IRQHandler                 0x0800021b   Thumb Code     0  startup_stm32l100xc.o(.text)
    DMA2_Channel5_IRQHandler                 0x0800021b   Thumb Code     0  startup_stm32l100xc.o(.text)
    EXTI0_IRQHandler                         0x0800021b   Thumb Code     0  startup_stm32l100xc.o(.text)
    EXTI15_10_IRQHandler                     0x0800021b   Thumb Code     0  startup_stm32l100xc.o(.text)
    EXTI2_IRQHandler                         0x0800021b   Thumb Code     0  startup_stm32l100xc.o(.text)
    EXTI3_IRQHandler                         0x0800021b   Thumb Code     0  startup_stm32l100xc.o(.text)
    EXTI4_IRQHandler                         0x0800021b   Thumb Code     0  startup_stm32l100xc.o(.text)
    EXTI9_5_IRQHandler                       0x0800021b   Thumb Code     0  startup_stm32l100xc.o(.text)
    FLASH_IRQHandler                         0x0800021b   Thumb Code     0  startup_stm32l100xc.o(.text)
    I2C1_ER_IRQHandler                       0x0800021b   Thumb Code     0  startup_stm32l100xc.o(.text)
    I2C1_EV_IRQHandler                       0x0800021b   Thumb Code     0  startup_stm32l100xc.o(.text)
    I2C2_ER_IRQHandler                       0x0800021b   Thumb Code     0  startup_stm32l100xc.o(.text)
    I2C2_EV_IRQHandler                       0x0800021b   Thumb Code     0  startup_stm32l100xc.o(.text)
    LCD_IRQHandler                           0x0800021b   Thumb Code     0  startup_stm32l100xc.o(.text)
    PVD_IRQHandler                           0x0800021b   Thumb Code     0  startup_stm32l100xc.o(.text)
    RCC_IRQHandler                           0x0800021b   Thumb Code     0  startup_stm32l100xc.o(.text)
    RTC_Alarm_IRQHandler                     0x0800021b   Thumb Code     0  startup_stm32l100xc.o(.text)
    RTC_WKUP_IRQHandler                      0x0800021b   Thumb Code     0  startup_stm32l100xc.o(.text)
    SPI1_IRQHandler                          0x0800021b   Thumb Code     0  startup_stm32l100xc.o(.text)
    SPI2_IRQHandler                          0x0800021b   Thumb Code     0  startup_stm32l100xc.o(.text)
    SPI3_IRQHandler                          0x0800021b   Thumb Code     0  startup_stm32l100xc.o(.text)
    TAMPER_STAMP_IRQHandler                  0x0800021b   Thumb Code     0  startup_stm32l100xc.o(.text)
    TIM10_IRQHandler                         0x0800021b   Thumb Code     0  startup_stm32l100xc.o(.text)
    TIM2_IRQHandler                          0x0800021b   Thumb Code     0  startup_stm32l100xc.o(.text)
    TIM3_IRQHandler                          0x0800021b   Thumb Code     0  startup_stm32l100xc.o(.text)
    TIM6_IRQHandler                          0x0800021b   Thumb Code     0  startup_stm32l100xc.o(.text)
    TIM7_IRQHandler                          0x0800021b   Thumb Code     0  startup_stm32l100xc.o(.text)
    USART1_IRQHandler                        0x0800021b   Thumb Code     0  startup_stm32l100xc.o(.text)
    USART2_IRQHandler                        0x0800021b   Thumb Code     0  startup_stm32l100xc.o(.text)
    USART3_IRQHandler                        0x0800021b   Thumb Code     0  startup_stm32l100xc.o(.text)
    USB_FS_WKUP_IRQHandler                   0x0800021b   Thumb Code     0  startup_stm32l100xc.o(.text)
    USB_HP_IRQHandler                        0x0800021b   Thumb Code     0  startup_stm32l100xc.o(.text)
    USB_LP_IRQHandler                        0x0800021b   Thumb Code     0  startup_stm32l100xc.o(.text)
    WWDG_IRQHandler                          0x0800021b   Thumb Code     0  startup_stm32l100xc.o(.text)
    __user_initial_stackheap                 0x0800021d   Thumb Code     0  startup_stm32l100xc.o(.text)
    __use_two_region_memory                  0x08000241   Thumb Code     2  heapauxi.o(.text)
    __rt_heap_escrow$2region                 0x08000243   Thumb Code     2  heapauxi.o(.text)
    __rt_heap_expand$2region                 0x08000245   Thumb Code     2  heapauxi.o(.text)
    __user_setup_stackheap                   0x08000247   Thumb Code    74  sys_stackheap_outer.o(.text)
    exit                                     0x08000291   Thumb Code    18  exit.o(.text)
    __user_libspace                          0x080002a5   Thumb Code     8  libspace.o(.text)
    __user_perproc_libspace                  0x080002a5   Thumb Code     0  libspace.o(.text)
    __user_perthread_libspace                0x080002a5   Thumb Code     0  libspace.o(.text)
    _sys_exit                                0x080002ad   Thumb Code     8  sys_exit.o(.text)
    __I$use$semihosting                      0x080002b9   Thumb Code     0  use_no_semi.o(.text)
    __use_no_semihosting_swi                 0x080002b9   Thumb Code     2  use_no_semi.o(.text)
    __semihosting_library_function           0x080002bb   Thumb Code     0  indicate_semi.o(.text)
    EXTI1_IRQHandler                         0x080002bd   Thumb Code   584  lab11.o(i.EXTI1_IRQHandler)
    PID                                      0x08000539   Thumb Code   278  lab11.o(i.PID)
    SystemInit                               0x080006a1   Thumb Code    82  system_stm32l1xx.o(i.SystemInit)
    TIM11_IRQHandler                         0x08000705   Thumb Code    54  lab11.o(i.TIM11_IRQHandler)
    TIM4_IRQHandler                          0x0800074d   Thumb Code   118  lab11.o(i.TIM4_IRQHandler)
    TIM9_IRQHandler                          0x080007d1   Thumb Code   160  lab11.o(i.TIM9_IRQHandler)
    main                                     0x080008d5   Thumb Code   222  lab11.o(i.main)
    setup_interupts                          0x080009d5   Thumb Code    68  lab11.o(i.setup_interupts)
    setup_pins                               0x08000a21   Thumb Code   180  lab11.o(i.setup_pins)
    setup_speed_ctr                          0x08000ae5   Thumb Code   104  lab11.o(i.setup_speed_ctr)
    setup_timers                             0x08000b59   Thumb Code   258  lab11.o(i.setup_timers)
    setup_timersSmallCount                   0x08000c69   Thumb Code   100  lab11.o(i.setup_timersSmallCount)
    smallDelay                               0x08000cd5   Thumb Code    14  lab11.o(i.smallDelay)
    __aeabi_dadd                             0x08000ce5   Thumb Code     0  daddsub_clz.o(x$fpl$dadd)
    _dadd                                    0x08000ce5   Thumb Code   332  daddsub_clz.o(x$fpl$dadd)
    __aeabi_ddiv                             0x08000e35   Thumb Code     0  ddiv.o(x$fpl$ddiv)
    _ddiv                                    0x08000e35   Thumb Code   552  ddiv.o(x$fpl$ddiv)
    __aeabi_d2iz                             0x080010e5   Thumb Code     0  dfix.o(x$fpl$dfix)
    _dfix                                    0x080010e5   Thumb Code    94  dfix.o(x$fpl$dfix)
    __aeabi_i2d                              0x08001143   Thumb Code     0  dflt_clz.o(x$fpl$dflt)
    _dflt                                    0x08001143   Thumb Code    46  dflt_clz.o(x$fpl$dflt)
    __aeabi_ui2d                             0x08001171   Thumb Code     0  dflt_clz.o(x$fpl$dfltu)
    _dfltu                                   0x08001171   Thumb Code    38  dflt_clz.o(x$fpl$dfltu)
    __aeabi_dmul                             0x08001199   Thumb Code     0  dmul.o(x$fpl$dmul)
    _dmul                                    0x08001199   Thumb Code   332  dmul.o(x$fpl$dmul)
    __fpl_dnaninf                            0x080012ed   Thumb Code   156  dnaninf.o(x$fpl$dnaninf)
    __fpl_dretinf                            0x08001389   Thumb Code    12  dretinf.o(x$fpl$dretinf)
    __aeabi_dsub                             0x08001395   Thumb Code     0  daddsub_clz.o(x$fpl$dsub)
    _dsub                                    0x08001395   Thumb Code   464  daddsub_clz.o(x$fpl$dsub)
    COLUMN_MASK                              0x08001568   Data          16  lab11.o(.constdata)
    __I$use$fp                               0x08001568   Number         0  usenofp.o(x$fpl$usenofp)
    ROW_MASK                                 0x08001578   Data          16  lab11.o(.constdata)
    Region$$Table$$Base                      0x08001588   Number         0  anon$$obj.o(Region$$Table)
    Region$$Table$$Limit                     0x080015a8   Number         0  anon$$obj.o(Region$$Table)
    temp                                     0x20000000   Data           2  lab11.o(.data)
    period                                   0x20000008   Data           8  lab11.o(.data)
    period2                                  0x20000010   Data           8  lab11.o(.data)
    up1                                      0x20000018   Data           8  lab11.o(.data)
    up2                                      0x20000020   Data           8  lab11.o(.data)
    sum                                      0x20000028   Data           8  lab11.o(.data)
    voltage                                  0x20000030   Data           8  lab11.o(.data)
    input1                                   0x20000038   Data           4  lab11.o(.data)
    input2                                   0x2000003c   Data           4  lab11.o(.data)
    inputOld                                 0x20000040   Data           4  lab11.o(.data)
    adcArrayIndex                            0x20000044   Data           4  lab11.o(.data)
    adcArray                                 0x20000048   Data           8  lab11.o(.data)
    expectedAdc                              0x20000050   Data          88  lab11.o(.data)
    speedSelect                              0x200000a8   Data           4  lab11.o(.data)
    speedSettter                             0x200000ac   Data           4  lab11.o(.data)
    PWMset                                   0x200000b0   Data           4  lab11.o(.data)
    stopCounter                              0x200000b4   Data           4  lab11.o(.data)
    AdcCount                                 0x200000b8   Data           4  lab11.o(.data)
    AdcStart                                 0x200000bc   Data           4  lab11.o(.data)
    preError                                 0x200000c0   Data           8  lab11.o(.data)
    error                                    0x200000c8   Data           8  lab11.o(.data)
    PIDout                                   0x200000d0   Data           8  lab11.o(.data)
    integral                                 0x200000d8   Data           8  lab11.o(.data)
    derivative                               0x200000e0   Data           8  lab11.o(.data)
    Pout                                     0x200000e8   Data           8  lab11.o(.data)
    Iout                                     0x200000f0   Data           8  lab11.o(.data)
    Dout                                     0x200000f8   Data           8  lab11.o(.data)
    running                                  0x20000100   Data           1  lab11.o(.data)
    keypad                                   0x20000104   Data          36  lab11.o(.data)
    counter                                  0x20000128   Data           2  lab11.o(.data)
    newAdc                                   0x20000130   Data       16000  lab11.o(.bss)
    __libspace_start                         0x20003fb0   Data          96  libspace.o(.bss)
    __temporary_stack_top$libspace           0x20004010   Data           0  libspace.o(.bss)



==============================================================================

Memory Map of the image

  Image Entry point : 0x08000201

  Load Region LR_1 (Base: 0x08000000, Size: 0x000016d4, Max: 0xffffffff, ABSOLUTE, COMPRESSED[0x00001610])

    Execution Region ER_RO (Exec base: 0x08000000, Load base: 0x08000000, Size: 0x000015a8, Max: 0xffffffff, ABSOLUTE)

    Exec Addr    Load Addr    Size         Type   Attr      Idx    E Section Name        Object

    0x08000000   0x08000000   0x00000124   Data   RO          164    RESET               startup_stm32l100xc.o
    0x08000124   0x08000124   0x00000008   Code   RO          216  * !!!main             c_w.l(__main.o)
    0x0800012c   0x0800012c   0x00000034   Code   RO          402    !!!scatter          c_w.l(__scatter.o)
    0x08000160   0x08000160   0x0000005a   Code   RO          400    !!dczerorl2         c_w.l(__dczerorl2.o)
    0x080001ba   0x080001ba   0x00000002   PAD
    0x080001bc   0x080001bc   0x0000001c   Code   RO          404    !!handler_zi        c_w.l(__scatter_zi.o)
    0x080001d8   0x080001d8   0x00000002   Code   RO          270    .ARM.Collect$$libinit$$00000000  c_w.l(libinit.o)
    0x080001da   0x080001da   0x00000000   Code   RO          277    .ARM.Collect$$libinit$$00000002  c_w.l(libinit2.o)
    0x080001da   0x080001da   0x00000000   Code   RO          279    .ARM.Collect$$libinit$$00000004  c_w.l(libinit2.o)
    0x080001da   0x080001da   0x00000000   Code   RO          282    .ARM.Collect$$libinit$$0000000A  c_w.l(libinit2.o)
    0x080001da   0x080001da   0x00000000   Code   RO          284    .ARM.Collect$$libinit$$0000000C  c_w.l(libinit2.o)
    0x080001da   0x080001da   0x00000000   Code   RO          286    .ARM.Collect$$libinit$$0000000E  c_w.l(libinit2.o)
    0x080001da   0x080001da   0x00000000   Code   RO          289    .ARM.Collect$$libinit$$00000011  c_w.l(libinit2.o)
    0x080001da   0x080001da   0x00000000   Code   RO          291    .ARM.Collect$$libinit$$00000013  c_w.l(libinit2.o)
    0x080001da   0x080001da   0x00000000   Code   RO          293    .ARM.Collect$$libinit$$00000015  c_w.l(libinit2.o)
    0x080001da   0x080001da   0x00000000   Code   RO          295    .ARM.Collect$$libinit$$00000017  c_w.l(libinit2.o)
    0x080001da   0x080001da   0x00000000   Code   RO          297    .ARM.Collect$$libinit$$00000019  c_w.l(libinit2.o)
    0x080001da   0x080001da   0x00000000   Code   RO          299    .ARM.Collect$$libinit$$0000001B  c_w.l(libinit2.o)
    0x080001da   0x080001da   0x00000000   Code   RO          301    .ARM.Collect$$libinit$$0000001D  c_w.l(libinit2.o)
    0x080001da   0x080001da   0x00000000   Code   RO          303    .ARM.Collect$$libinit$$0000001F  c_w.l(libinit2.o)
    0x080001da   0x080001da   0x00000000   Code   RO          305    .ARM.Collect$$libinit$$00000021  c_w.l(libinit2.o)
    0x080001da   0x080001da   0x00000000   Code   RO          307    .ARM.Collect$$libinit$$00000023  c_w.l(libinit2.o)
    0x080001da   0x080001da   0x00000000   Code   RO          309    .ARM.Collect$$libinit$$00000025  c_w.l(libinit2.o)
    0x080001da   0x080001da   0x00000000   Code   RO          313    .ARM.Collect$$libinit$$0000002C  c_w.l(libinit2.o)
    0x080001da   0x080001da   0x00000000   Code   RO          315    .ARM.Collect$$libinit$$0000002E  c_w.l(libinit2.o)
    0x080001da   0x080001da   0x00000000   Code   RO          317    .ARM.Collect$$libinit$$00000030  c_w.l(libinit2.o)
    0x080001da   0x080001da   0x00000000   Code   RO          319    .ARM.Collect$$libinit$$00000032  c_w.l(libinit2.o)
    0x080001da   0x080001da   0x00000002   Code   RO          320    .ARM.Collect$$libinit$$00000033  c_w.l(libinit2.o)
    0x080001dc   0x080001dc   0x00000002   Code   RO          340    .ARM.Collect$$libshutdown$$00000000  c_w.l(libshutdown.o)
    0x080001de   0x080001de   0x00000000   Code   RO          353    .ARM.Collect$$libshutdown$$00000002  c_w.l(libshutdown2.o)
    0x080001de   0x080001de   0x00000000   Code   RO          355    .ARM.Collect$$libshutdown$$00000004  c_w.l(libshutdown2.o)
    0x080001de   0x080001de   0x00000000   Code   RO          358    .ARM.Collect$$libshutdown$$00000007  c_w.l(libshutdown2.o)
    0x080001de   0x080001de   0x00000000   Code   RO          361    .ARM.Collect$$libshutdown$$0000000A  c_w.l(libshutdown2.o)
    0x080001de   0x080001de   0x00000000   Code   RO          363    .ARM.Collect$$libshutdown$$0000000C  c_w.l(libshutdown2.o)
    0x080001de   0x080001de   0x00000000   Code   RO          366    .ARM.Collect$$libshutdown$$0000000F  c_w.l(libshutdown2.o)
    0x080001de   0x080001de   0x00000002   Code   RO          367    .ARM.Collect$$libshutdown$$00000010  c_w.l(libshutdown2.o)
    0x080001e0   0x080001e0   0x00000000   Code   RO          240    .ARM.Collect$$rtentry$$00000000  c_w.l(__rtentry.o)
    0x080001e0   0x080001e0   0x00000000   Code   RO          247    .ARM.Collect$$rtentry$$00000002  c_w.l(__rtentry2.o)
    0x080001e0   0x080001e0   0x00000006   Code   RO          259    .ARM.Collect$$rtentry$$00000004  c_w.l(__rtentry4.o)
    0x080001e6   0x080001e6   0x00000000   Code   RO          249    .ARM.Collect$$rtentry$$00000009  c_w.l(__rtentry2.o)
    0x080001e6   0x080001e6   0x00000004   Code   RO          250    .ARM.Collect$$rtentry$$0000000A  c_w.l(__rtentry2.o)
    0x080001ea   0x080001ea   0x00000000   Code   RO          252    .ARM.Collect$$rtentry$$0000000C  c_w.l(__rtentry2.o)
    0x080001ea   0x080001ea   0x00000008   Code   RO          253    .ARM.Collect$$rtentry$$0000000D  c_w.l(__rtentry2.o)
    0x080001f2   0x080001f2   0x00000002   Code   RO          274    .ARM.Collect$$rtexit$$00000000  c_w.l(rtexit.o)
    0x080001f4   0x080001f4   0x00000000   Code   RO          322    .ARM.Collect$$rtexit$$00000002  c_w.l(rtexit2.o)
    0x080001f4   0x080001f4   0x00000004   Code   RO          323    .ARM.Collect$$rtexit$$00000003  c_w.l(rtexit2.o)
    0x080001f8   0x080001f8   0x00000006   Code   RO          324    .ARM.Collect$$rtexit$$00000004  c_w.l(rtexit2.o)
    0x080001fe   0x080001fe   0x00000002   PAD
    0x08000200   0x08000200   0x00000040   Code   RO          165  * .text               startup_stm32l100xc.o
    0x08000240   0x08000240   0x00000006   Code   RO          214    .text               c_w.l(heapauxi.o)
    0x08000246   0x08000246   0x0000004a   Code   RO          261    .text               c_w.l(sys_stackheap_outer.o)
    0x08000290   0x08000290   0x00000012   Code   RO          263    .text               c_w.l(exit.o)
    0x080002a2   0x080002a2   0x00000002   PAD
    0x080002a4   0x080002a4   0x00000008   Code   RO          271    .text               c_w.l(libspace.o)
    0x080002ac   0x080002ac   0x0000000c   Code   RO          332    .text               c_w.l(sys_exit.o)
    0x080002b8   0x080002b8   0x00000002   Code   RO          343    .text               c_w.l(use_no_semi.o)
    0x080002ba   0x080002ba   0x00000000   Code   RO          345    .text               c_w.l(indicate_semi.o)
    0x080002ba   0x080002ba   0x00000002   PAD
    0x080002bc   0x080002bc   0x0000027c   Code   RO            4    i.EXTI1_IRQHandler  lab11.o
    0x08000538   0x08000538   0x00000168   Code   RO            5    i.PID               lab11.o
    0x080006a0   0x080006a0   0x00000064   Code   RO          173    i.SystemInit        system_stm32l1xx.o
    0x08000704   0x08000704   0x00000048   Code   RO            6    i.TIM11_IRQHandler  lab11.o
    0x0800074c   0x0800074c   0x00000084   Code   RO            7    i.TIM4_IRQHandler   lab11.o
    0x080007d0   0x080007d0   0x000000cc   Code   RO            8    i.TIM9_IRQHandler   lab11.o
    0x0800089c   0x0800089c   0x0000001c   Code   RO            9    i.__NVIC_ClearPendingIRQ  lab11.o
    0x080008b8   0x080008b8   0x0000001a   Code   RO           10    i.__NVIC_EnableIRQ  lab11.o
    0x080008d2   0x080008d2   0x00000002   PAD
    0x080008d4   0x080008d4   0x00000100   Code   RO           13    i.main              lab11.o
    0x080009d4   0x080009d4   0x0000004c   Code   RO           14    i.setup_interupts   lab11.o
    0x08000a20   0x08000a20   0x000000c4   Code   RO           15    i.setup_pins        lab11.o
    0x08000ae4   0x08000ae4   0x00000074   Code   RO           16    i.setup_speed_ctr   lab11.o
    0x08000b58   0x08000b58   0x00000110   Code   RO           17    i.setup_timers      lab11.o
    0x08000c68   0x08000c68   0x0000006c   Code   RO           18    i.setup_timersSmallCount  lab11.o
    0x08000cd4   0x08000cd4   0x0000000e   Code   RO           19    i.smallDelay        lab11.o
    0x08000ce2   0x08000ce2   0x00000002   PAD
    0x08000ce4   0x08000ce4   0x00000150   Code   RO          218    x$fpl$dadd          fz_ws.l(daddsub_clz.o)
    0x08000e34   0x08000e34   0x000002b0   Code   RO          225    x$fpl$ddiv          fz_ws.l(ddiv.o)
    0x080010e4   0x080010e4   0x0000005e   Code   RO          228    x$fpl$dfix          fz_ws.l(dfix.o)
    0x08001142   0x08001142   0x0000002e   Code   RO          233    x$fpl$dflt          fz_ws.l(dflt_clz.o)
    0x08001170   0x08001170   0x00000026   Code   RO          232    x$fpl$dfltu         fz_ws.l(dflt_clz.o)
    0x08001196   0x08001196   0x00000002   PAD
    0x08001198   0x08001198   0x00000154   Code   RO          238    x$fpl$dmul          fz_ws.l(dmul.o)
    0x080012ec   0x080012ec   0x0000009c   Code   RO          241    x$fpl$dnaninf       fz_ws.l(dnaninf.o)
    0x08001388   0x08001388   0x0000000c   Code   RO          243    x$fpl$dretinf       fz_ws.l(dretinf.o)
    0x08001394   0x08001394   0x000001d4   Code   RO          220    x$fpl$dsub          fz_ws.l(daddsub_clz.o)
    0x08001568   0x08001568   0x00000000   Code   RO          245    x$fpl$usenofp       fz_ws.l(usenofp.o)
    0x08001568   0x08001568   0x00000020   Data   RO           23    .constdata          lab11.o
    0x08001588   0x08001588   0x00000020   Data   RO          398    Region$$Table       anon$$obj.o


    Execution Region ER_RW (Exec base: 0x20000000, Load base: 0x080015a8, Size: 0x0000012c, Max: 0xffffffff, ABSOLUTE, COMPRESSED[0x00000068])

    Exec Addr    Load Addr    Size         Type   Attr      Idx    E Section Name        Object

    0x20000000   COMPRESSED   0x0000012a   Data   RW           24    .data               lab11.o


    Execution Region ER_ZI (Exec base: 0x2000012c, Load base: 0x08001610, Size: 0x000044e4, Max: 0xffffffff, ABSOLUTE)

    Exec Addr    Load Addr    Size         Type   Attr      Idx    E Section Name        Object

    0x2000012c   0x08001610   0x00000004   PAD
    0x20000130        -       0x00003e80   Zero   RW           22    .bss                lab11.o
    0x20003fb0        -       0x00000060   Zero   RW          272    .bss                c_w.l(libspace.o)
    0x20004010        -       0x00000200   Zero   RW          163    HEAP                startup_stm32l100xc.o
    0x20004210        -       0x00000400   Zero   RW          162    STACK               startup_stm32l100xc.o


==============================================================================

Image component sizes


      Code (inc. data)   RO Data    RW Data    ZI Data      Debug   Object Name

      2496        308         32        298      16000     197930   lab11.o
        64         26        292          0       1536        788   startup_stm32l100xc.o
       100         18          0          0          0        449   system_stm32l1xx.o

    ----------------------------------------------------------------------
      2664        352        356        300      17540     199167   Object Totals
         0          0         32          0          0          0   (incl. Generated)
         4          0          0          2          4          0   (incl. Padding)

    ----------------------------------------------------------------------

      Code (inc. data)   RO Data    RW Data    ZI Data      Debug   Library Member Name

        90          0          0          0          0          0   __dczerorl2.o
         8          0          0          0          0         68   __main.o
         0          0          0          0          0          0   __rtentry.o
        12          0          0          0          0          0   __rtentry2.o
         6          0          0          0          0          0   __rtentry4.o
        52          8          0          0          0          0   __scatter.o
        28          0          0          0          0          0   __scatter_zi.o
        18          0          0          0          0         80   exit.o
         6          0          0          0          0        152   heapauxi.o
         0          0          0          0          0          0   indicate_semi.o
         2          0          0          0          0          0   libinit.o
         2          0          0          0          0          0   libinit2.o
         2          0          0          0          0          0   libshutdown.o
         2          0          0          0          0          0   libshutdown2.o
         8          4          0          0         96         68   libspace.o
         2          0          0          0          0          0   rtexit.o
        10          0          0          0          0          0   rtexit2.o
        12          4          0          0          0         68   sys_exit.o
        74          0          0          0          0         80   sys_stackheap_outer.o
         2          0          0          0          0         68   use_no_semi.o
       804         16          0          0          0        272   daddsub_clz.o
       688        140          0          0          0        208   ddiv.o
        94          4          0          0          0         92   dfix.o
        84          0          0          0          0        136   dflt_clz.o
       340         12          0          0          0        104   dmul.o
       156          4          0          0          0         92   dnaninf.o
        12          0          0          0          0         68   dretinf.o
         0          0          0          0          0          0   usenofp.o

    ----------------------------------------------------------------------
      2524        192          0          0         96       1556   Library Totals
        10          0          0          0          0          0   (incl. Padding)

    ----------------------------------------------------------------------

      Code (inc. data)   RO Data    RW Data    ZI Data      Debug   Library Name

       336         16          0          0         96        584   c_w.l
      2178        176          0          0          0        972   fz_ws.l

    ----------------------------------------------------------------------
      2524        192          0          0         96       1556   Library Totals

    ----------------------------------------------------------------------

==============================================================================


      Code (inc. data)   RO Data    RW Data    ZI Data      Debug   

      5188        544        356        300      17636     199419   Grand Totals
      5188        544        356        104      17636     199419   ELF Image Totals (compressed)
      5188        544        356        104          0          0   ROM Totals

==============================================================================

    Total RO  Size (Code + RO Data)                 5544 (   5.41kB)
    Total RW  Size (RW Data + ZI Data)             17936 (  17.52kB)
    Total ROM Size (Code + RO Data + RW Data)       5648 (   5.52kB)

==============================================================================

